❌ > nx run @vortex/renderer:typecheck  $ pnpm tsc -p tsconfig.json  src/extensions/download_management/views/Settings.tsx:154:18 - error TS2552: Cannot find name 'getTextMod'. Did you mean 'getText'?  154                 {getTextMod("downloadspath", t)}                       ~~~~~~~~~~  src/extensions/health_check/views/HealthCheckDetailPage.tsx:32:53 - error TS2304: Cannot find name 'useState'.  32   const [showFeedbackModal, setShowFeedbackModal] = useState(false);                                                         ~~~~~~~~  src/extensions/health_check/views/HealthCheckDetailPage.tsx:65:5 - error TS2552: Cannot find name 'opn'. Did you mean 'open'?  65     opn(mod.requiredBy.modUrl).catch(() => null);         ~~~    ../../node_modules/.pnpm/typescript@6.0.3/node_modules/typescript/lib/lib.dom.d.ts:43728:18      43728 declare function open(url?: string | URL, target?: string, features?: string): WindowProxy | null;                             ~~~~      'open' is declared here.  src/extensions/health_check/views/HealthCheckDetailPage.tsx:162:14 - error TS2304: Cannot find name 'Icon'.  162             <Icon className="mt-0.5 shrink-0 text-info-strong" path={mdiAlertCircle} />                   ~~~~  src/extensions/nexus_integration/index.tsx:1394:30 - error TS2304: Cannot find name 'removeFreeUserDLItem'.  1394           api.store.dispatch(removeFreeUserDLItem(input));                                    ~~~~~~~~~~~~~~~~~~~~  src/extensions/nexus_integration/index.tsx:1404:30 - error TS2304: Cannot find name 'removeFreeUserDLItem'.  1404           api.store.dispatch(removeFreeUserDLItem(input));                                    ~~~~~~~~~~~~~~~~~~~~  src/extensions/nexus_integration/index.tsx:1465:26 - error TS2304: Cannot find name 'addFreeUserDLItem'.  1465       api.store.dispatch(addFreeUserDLItem(input));                                ~~~~~~~~~~~~~~~~~  src/extensions/nexus_integration/index.tsx:1737:24 - error TS2304: Cannot find name 'removeFreeUserDLItem'.  1737     api.store.dispatch(removeFreeUserDLItem(inputUrl));                              ~~~~~~~~~~~~~~~~~~~~  Found 8 errors in 3 files.  Errors  Files       1  src/extensions/download_management/views/Settings.tsx:154       3  src/extensions/health_check/views/HealthCheckDetailPage.tsx:32       4  src/extensions/nexus_integration/index.tsx:1394  [ELIFECYCLE] Command failed with exit code 2.✅ > nx run gamebryo-archive-invalidation:typecheck  $ pnpm tsc❌ > nx run @vortex/renderer:build  $ pnpm webpack --config ./webpack.config.cjs  assets by status 2.89 MiB [cached] 2 assets  runtime modules 1.92 KiB 5 modules  modules by path ./src/ 4.57 MiB 760 modules  modules by path ../shared/dist/*.cjs 32.5 KiB    ../shared/dist/index.cjs 9.02 KiB [built] [code generated]    ../shared/dist/errors-CRCir8x2.cjs 8.09 KiB [built] [code generated]    + 4 modules  modules by path external "@opentelemetry/ 210 bytes    external "@opentelemetry/api" 42 bytes [built] [code generated]    external "@opentelemetry/context-zone" 42 bytes [built] [code generated]    + 3 modules  modules by path external "@nexusmods/ 126 bytes    external "@nexusmods/nexus-api" 42 bytes [built] [code generated]    external "@nexusmods/fomod-installer-ipc" 42 bytes [built] [code generated]    external "@nexusmods/fomod-installer-native" 42 bytes [built] [code generated]  + 101 modules  ERROR in ./src/extensions/download_management/views/Settings.tsx:154:18  TS2552: Cannot find name 'getTextMod'. Did you mean 'getText'?      152 |               {t("Downloads Folder")}      153 |               <More id="more-paths" name={t("Downloads Folder")}>    > 154 |                 {getTextMod("downloadspath", t)}          |                  ^^^^^^^^^^      155 |               </More>      156 |             </ControlLabel>      157 |             <FlexLayout type="row">  ERROR in ./src/extensions/health_check/views/HealthCheckDetailPage.tsx:32:53  TS2304: Cannot find name 'useState'.      30 | function HealthCheckDetailPage({ mod, api, onBack, onDownloadMod }: IHealthCheckDetailPageProps) {      31 |   const { t } = useTranslation(["health_check", "common"]);    > 32 |   const [showFeedbackModal, setShowFeedbackModal] = useState(false);         |                                                     ^^^^^^^^      33 |   // Check if feedback was already given for this requirement (persisted)      34 |   const feedbackMap = useSelector(feedbackGivenMap);      35 |   const givenFeedBack = React.useMemo(() => {  ERROR in ./src/extensions/health_check/views/HealthCheckDetailPage.tsx:65:5  TS2552: Cannot find name 'opn'. Did you mean 'open'?      63 |       return;      64 |     }    > 65 |     opn(mod.requiredBy.modUrl).catch(() => null);         |     ^^^      66 |   }, [mod.requiredBy.modUrl]);      67 |      68 |   // Memoized callback for download action  ERROR in ./src/extensions/health_check/views/HealthCheckDetailPage.tsx:162:14  TS2304: Cannot find name 'Icon'.      160 |      161 |           <div className="flex items-start gap-x-3 rounded-lg border border-stroke-weak p-6">    > 162 |             <Icon className="mt-0.5 shrink-0 text-info-strong" path={mdiAlertCircle} />          |              ^^^^      163 |      164 |             <div className="grow space-y-4">      165 |               <div className="flex gap-x-3">  ERROR in ./src/extensions/nexus_integration/index.tsx:1394:30  TS2304: Cannot find name 'removeFreeUserDLItem'.      1392 |           // just to make sure we remove the correct item, idx should always be 0      1393 |           const idx = freeDLQueue.findIndex((iter) => iter.input === input);    > 1394 |           api.store.dispatch(removeFreeUserDLItem(input));           |                              ^^^^^^^^^^^^^^^^^^^^      1395 |           freeDLQueue.splice(idx, 1);      1396 |           resolve(result);      1397 |           reject = undefined;  ERROR in ./src/extensions/nexus_integration/index.tsx:1404:30  TS2304: Cannot find name 'removeFreeUserDLItem'.      1402 |         if (reject !== undefined) {      1403 |           const idx = freeDLQueue.findIndex((iter) => iter.input === input);    > 1404 |           api.store.dispatch(removeFreeUserDLItem(input));           |                              ^^^^^^^^^^^^^^^^^^^^      1405 |           freeDLQueue.splice(idx, 1);      1406 |           reject(err);      1407 |           reject = undefined;  ERROR in ./src/extensions/nexus_integration/index.tsx:1465:26  TS2304: Cannot find name 'addFreeUserDLItem'.      1463 |       });      1464 |       freeDLQueue.push(queueItems as any);    > 1465 |       api.store.dispatch(addFreeUserDLItem(input));           |                          ^^^^^^^^^^^^^^^^^      1466 |     });      1467 |   }      1468 |  ERROR in ./src/extensions/nexus_integration/index.tsx:1737:24  TS2304: Cannot find name 'removeFreeUserDLItem'.      1735 |     return true;      1736 |   } else {    > 1737 |     api.store.dispatch(removeFreeUserDLItem(inputUrl));           |                        ^^^^^^^^^^^^^^^^^^^^      1738 |     return false;      1739 |   }      1740 | }  webpack 5.107.2 compiled with 8 errors in 60393 ms  [ELIFECYCLE] Command failed with exit code 1.✅ > nx run gamebryo-savegame-management:typecheck  $ pnpm tsc  ✅ > nx run morrowind-plugin-management:typecheck  $ pnpm tsc✅ > nx run script-extender-error-check:typecheck  $ pnpm tsc✅ > nx run gamebryo-plugin-indexlock:typecheck  $ pnpm tsc✅ > nx run gamebryo-plugin-management:typecheck  $ pnpm tsc✅ > nx run script-extender-installer:typecheck  $ pnpm tsc❌ > nx run @vortex/renderer:lint  $ pnpm eslint --quiet --concurrency auto .    D:\a\Vortex\Vortex\src\renderer\src\extensions\nexus_integration\index.tsx    21:1  error  All imports in the declaration are only used as types. Use `import type`  @typescript-eslint/consistent-type-imports  ✖ 1 problem (1 error, 0 warnings)    1 error and 0 warnings potentially fixable with the `--fix` option.    (node:9120) ESLintPoorConcurrencyWarning: You may disable concurrency to improve performance.  (Use `node --trace-warnings ...` to show where the warning was created)  [ELIFECYCLE] Command failed with exit code 1.✅ > nx run gamebryo-archive-support:typecheck✅ > nx run game-stardewvalley:typecheck  $ pnpm exec tsc -p tsconfig.json✅ > nx run mtframework-arc-support:typecheck